
> hijama-management-system@2.0.1 lint
> eslint .


/workspace/docs/audit/_extracted/Tadawi-Clinic-Production-cursor-v2-5-10-final-consolidation-cea9/database/google-drive-remote.js
  25:19  error  'URL' is not defined  no-undef

/workspace/docs/audit/_extracted/Tadawi-Clinic-Production-cursor-v2-5-10-final-consolidation-cea9/tests/baseline/test-login-license-ux.js
   40:7  warning  Unused eslint-disable directive (no problems were reported from 'no-new-func')
  123:5  error    'setInterval' is not defined                                                    no-undef
  124:5  error    'clearInterval' is not defined                                                  no-undef

/workspace/docs/audit/_extracted/Tadawi-Clinic-Production-cursor-v2-5-10-final-consolidation-cea9/tests/baseline/test-phase39-license-drive-push.js
  36:17  error  'centerId' is defined but never used. Allowed unused args must match /^_/u  no-unused-vars

/workspace/docs/audit/_extracted/Tadawi-Clinic-Production-cursor-v2-5-10-final-consolidation-cea9/tests/baseline/test-v2-5-4-rbac-audit.js
   93:10  error  'main' is defined but never used                no-unused-vars
  139:9   error  'repo' is assigned a value but never used       no-unused-vars
  141:9   error  'R' is assigned a value but never used          no-unused-vars
  152:7   error  'hasCreate' is assigned a value but never used  no-unused-vars

/workspace/docs/audit/_extracted/Tadawi-Clinic-Production-cursor-v2-5-10-final-consolidation-cea9/tests/baseline/test-v2-5-5-performance.js
  14:3  error  'countTables' is assigned a value but never used  no-unused-vars

/workspace/docs/audit/_extracted/Tadawi-Clinic-Production-cursor-v2-5-10-final-consolidation-cea9/tests/baseline/test-v2-5-7-production-release.js
   95:33  error  Unnecessary escape character: \-         no-useless-escape
  134:13  error  're' is assigned a value but never used  no-unused-vars

/workspace/docs/audit/_extracted/Tadawi-Clinic-Production-cursor-v2-5-10-final-consolidation-cea9/tests/baseline/test-v2-5-8-drive-license-pull-recovery.js
  155:53  error  'p' is defined but never used. Allowed unused args must match /^_/u  no-unused-vars

/workspace/docs/audit/_extracted/Tadawi-Clinic-Production-cursor-v2-5-10-final-consolidation-cea9/tests/baseline/test-v2-5-9-residual-closure.js
  14:7   error  'assert' is assigned a value but never used                           no-unused-vars
  90:36  error  'r0' is defined but never used. Allowed unused args must match /^_/u  no-unused-vars

/workspace/docs/audit/_extracted/Tadawi-Clinic-Production-cursor-v2-5-10-final-consolidation-cea9/tests/font-csp-audit.test.js
   12:1  error  'describe' is not defined  no-undef
   24:3  error  'test' is not defined      no-undef
   26:5  error  'expect' is not defined    no-undef
   28:5  error  'expect' is not defined    no-undef
   29:5  error  'expect' is not defined    no-undef
   32:3  error  'test' is not defined      no-undef
   34:5  error  'expect' is not defined    no-undef
   36:5  error  'expect' is not defined    no-undef
   37:5  error  'expect' is not defined    no-undef
   38:5  error  'expect' is not defined    no-undef
   39:5  error  'expect' is not defined    no-undef
   43:1  error  'describe' is not defined  no-undef
   44:3  error  'test' is not defined      no-undef
   45:5  error  'expect' is not defined    no-undef
   48:3  error  'test' is not defined      no-undef
   49:5  error  'expect' is not defined    no-undef
   52:3  error  'test' is not defined      no-undef
   54:5  error  'expect' is not defined    no-undef
   58:1  error  'describe' is not defined  no-undef
   61:3  error  'test' is not defined      no-undef
   62:5  error  'expect' is not defined    no-undef
   63:5  error  'expect' is not defined    no-undef
   64:5  error  'expect' is not defined    no-undef
   67:3  error  'test' is not defined      no-undef
   68:5  error  'expect' is not defined    no-undef
   69:5  error  'expect' is not defined    no-undef
   72:3  error  'test' is not defined      no-undef
   73:5  error  'expect' is not defined    no-undef
   76:3  error  'test' is not defined      no-undef
   77:5  error  'expect' is not defined    no-undef
   78:5  error  'expect' is not defined    no-undef
   79:5  error  'expect' is not defined    no-undef
   82:3  error  'test' is not defined      no-undef
   83:5  error  'expect' is not defined    no-undef
   86:3  error  'test' is not defined      no-undef
   87:5  error  'expect' is not defined    no-undef
   90:3  error  'test' is not defined      no-undef
   91:5  error  'expect' is not defined    no-undef
   95:1  error  'describe' is not defined  no-undef
   96:3  error  'test' is not defined      no-undef
   97:5  error  'expect' is not defined    no-undef
   98:5  error  'expect' is not defined    no-undef
  101:3  error  'test' is not defined      no-undef
  102:5  error  'expect' is not defined    no-undef
  104:5  error  'expect' is not defined    no-undef
  105:5  error  'expect' is not defined    no-undef
  109:1  error  'describe' is not defined  no-undef
  110:3  error  'test' is not defined      no-undef
  111:5  error  'expect' is not defined    no-undef
  114:3  error  'test' is not defined      no-undef
  115:5  error  'expect' is not defined    no-undef
  118:3  error  'test' is not defined      no-undef
  119:5  error  'expect' is not defined    no-undef
  122:3  error  'test' is not defined      no-undef
  125:5  error  'expect' is not defined    no-undef
  128:9  error  'expect' is not defined    no-undef
  129:9  error  'expect' is not defined    no-undef
  134:3  error  'test' is not defined      no-undef
  135:5  error  'expect' is not defined    no-undef
  136:5  error  'expect' is not defined    no-undef
  140:1  error  'describe' is not defined  no-undef
  141:3  error  'test' is not defined      no-undef
  142:5  error  'expect' is not defined    no-undef
  143:5  error  'expect' is not defined    no-undef
  144:5  error  'expect' is not defined    no-undef
  145:5  error  'expect' is not defined    no-undef
  148:3  error  'test' is not defined      no-undef
  150:5  error  'expect' is not defined    no-undef
  151:5  error  'expect' is not defined    no-undef
  152:5  error  'expect' is not defined    no-undef
  155:3  error  'test' is not defined      no-undef
  158:7  error  'expect' is not defined    no-undef
  159:7  error  'expect' is not defined    no-undef
  164:1  error  'describe' is not defined  no-undef
  165:3  error  'test' is not defined      no-undef
  174:7  error  'expect' is not defined    no-undef
  179:1  error  'describe' is not defined  no-undef
  180:3  error  'test' is not defined      no-undef
  181:5  error  'expect' is not defined    no-undef
  182:5  error  'expect' is not defined    no-undef
  183:5  error  'expect' is not defined    no-undef

/workspace/docs/audit/_extracted/Tadawi-Clinic-Production-cursor-v2-5-10-final-consolidation-cea9/tests/local-qr.test.js
  24:1  error  'describe' is not defined  no-undef
  25:3  error  'test' is not defined      no-undef
  26:5  error  'expect' is not defined    no-undef
  27:5  error  'expect' is not defined    no-undef
  28:5  error  'expect' is not defined    no-undef
  31:3  error  'test' is not defined      no-undef
  40:7  error  'expect' is not defined    no-undef
  44:3  error  'test' is not defined      no-undef
  46:5  error  'expect' is not defined    no-undef
  48:5  error  'expect' is not defined    no-undef
  49:5  error  'expect' is not defined    no-undef
  50:5  error  'expect' is not defined    no-undef
  53:3  error  'test' is not defined      no-undef
  57:5  error  'expect' is not defined    no-undef
  60:3  error  'test' is not defined      no-undef
  65:5  error  'expect' is not defined    no-undef
  66:5  error  'expect' is not defined    no-undef
  67:5  error  'expect' is not defined    no-undef
  70:3  error  'test' is not defined      no-undef
  72:5  error  'expect' is not defined    no-undef
  73:5  error  'expect' is not defined    no-undef
  76:3  error  'test' is not defined      no-undef
  78:5  error  'expect' is not defined    no-undef
  79:5  error  'expect' is not defined    no-undef

✖ 120 problems (119 errors, 1 warning)
  0 errors and 1 warning potentially fixable with the `--fix` option.

